// Jest Snapshot v1, https://goo.gl/fbAQLP

exports[`error displayed when missing field 1`] = `"password required"`;
